Archive member included to satisfy reference by file (symbol)

D:/STM32CubeIDE_1.13.2/STM32CubeIDE/plugins/com.st.stm32cube.ide.mcu.externaltools.gnu-tools-for-stm32.11.3.rel1.win32_1.1.1.202309131626/tools/bin/../lib/gcc/arm-none-eabi/11.3.1/../../../../arm-none-eabi/lib/thumb/v7-m/nofp\libc_nano.a(libc_a-exit.o)
                              D:/STM32CubeIDE_1.13.2/STM32CubeIDE/plugins/com.st.stm32cube.ide.mcu.externaltools.gnu-tools-for-stm32.11.3.rel1.win32_1.1.1.202309131626/tools/bin/../lib/gcc/arm-none-eabi/11.3.1/../../../../arm-none-eabi/lib/thumb/v7-m/nofp/crt0.o (exit)
D:/STM32CubeIDE_1.13.2/STM32CubeIDE/plugins/com.st.stm32cube.ide.mcu.externaltools.gnu-tools-for-stm32.11.3.rel1.win32_1.1.1.202309131626/tools/bin/../lib/gcc/arm-none-eabi/11.3.1/../../../../arm-none-eabi/lib/thumb/v7-m/nofp\libc_nano.a(libc_a-malloc.o)
                              ./Core/Inc/operations/operations.o (malloc)
D:/STM32CubeIDE_1.13.2/STM32CubeIDE/plugins/com.st.stm32cube.ide.mcu.externaltools.gnu-tools-for-stm32.11.3.rel1.win32_1.1.1.202309131626/tools/bin/../lib/gcc/arm-none-eabi/11.3.1/../../../../arm-none-eabi/lib/thumb/v7-m/nofp\libc_nano.a(libc_a-mallocr.o)
                              D:/STM32CubeIDE_1.13.2/STM32CubeIDE/plugins/com.st.stm32cube.ide.mcu.externaltools.gnu-tools-for-stm32.11.3.rel1.win32_1.1.1.202309131626/tools/bin/../lib/gcc/arm-none-eabi/11.3.1/../../../../arm-none-eabi/lib/thumb/v7-m/nofp\libc_nano.a(libc_a-malloc.o) (_malloc_r)
D:/STM32CubeIDE_1.13.2/STM32CubeIDE/plugins/com.st.stm32cube.ide.mcu.externaltools.gnu-tools-for-stm32.11.3.rel1.win32_1.1.1.202309131626/tools/bin/../lib/gcc/arm-none-eabi/11.3.1/../../../../arm-none-eabi/lib/thumb/v7-m/nofp\libc_nano.a(libc_a-mlock.o)
                              D:/STM32CubeIDE_1.13.2/STM32CubeIDE/plugins/com.st.stm32cube.ide.mcu.externaltools.gnu-tools-for-stm32.11.3.rel1.win32_1.1.1.202309131626/tools/bin/../lib/gcc/arm-none-eabi/11.3.1/../../../../arm-none-eabi/lib/thumb/v7-m/nofp\libc_nano.a(libc_a-mallocr.o) (__malloc_lock)
D:/STM32CubeIDE_1.13.2/STM32CubeIDE/plugins/com.st.stm32cube.ide.mcu.externaltools.gnu-tools-for-stm32.11.3.rel1.win32_1.1.1.202309131626/tools/bin/../lib/gcc/arm-none-eabi/11.3.1/../../../../arm-none-eabi/lib/thumb/v7-m/nofp\libc_nano.a(libc_a-findfp.o)
                              D:/STM32CubeIDE_1.13.2/STM32CubeIDE/plugins/com.st.stm32cube.ide.mcu.externaltools.gnu-tools-for-stm32.11.3.rel1.win32_1.1.1.202309131626/tools/bin/../lib/gcc/arm-none-eabi/11.3.1/../../../../arm-none-eabi/lib/thumb/v7-m/nofp\libc_nano.a(libc_a-exit.o) (__stdio_exit_handler)
D:/STM32CubeIDE_1.13.2/STM32CubeIDE/plugins/com.st.stm32cube.ide.mcu.externaltools.gnu-tools-for-stm32.11.3.rel1.win32_1.1.1.202309131626/tools/bin/../lib/gcc/arm-none-eabi/11.3.1/../../../../arm-none-eabi/lib/thumb/v7-m/nofp\libc_nano.a(libc_a-fwalk.o)
                              D:/STM32CubeIDE_1.13.2/STM32CubeIDE/plugins/com.st.stm32cube.ide.mcu.externaltools.gnu-tools-for-stm32.11.3.rel1.win32_1.1.1.202309131626/tools/bin/../lib/gcc/arm-none-eabi/11.3.1/../../../../arm-none-eabi/lib/thumb/v7-m/nofp\libc_nano.a(libc_a-findfp.o) (_fwalk_sglue)
D:/STM32CubeIDE_1.13.2/STM32CubeIDE/plugins/com.st.stm32cube.ide.mcu.externaltools.gnu-tools-for-stm32.11.3.rel1.win32_1.1.1.202309131626/tools/bin/../lib/gcc/arm-none-eabi/11.3.1/../../../../arm-none-eabi/lib/thumb/v7-m/nofp\libc_nano.a(libc_a-stdio.o)
                              D:/STM32CubeIDE_1.13.2/STM32CubeIDE/plugins/com.st.stm32cube.ide.mcu.externaltools.gnu-tools-for-stm32.11.3.rel1.win32_1.1.1.202309131626/tools/bin/../lib/gcc/arm-none-eabi/11.3.1/../../../../arm-none-eabi/lib/thumb/v7-m/nofp\libc_nano.a(libc_a-findfp.o) (__sread)
D:/STM32CubeIDE_1.13.2/STM32CubeIDE/plugins/com.st.stm32cube.ide.mcu.externaltools.gnu-tools-for-stm32.11.3.rel1.win32_1.1.1.202309131626/tools/bin/../lib/gcc/arm-none-eabi/11.3.1/../../../../arm-none-eabi/lib/thumb/v7-m/nofp\libc_nano.a(libc_a-memset.o)
                              D:/STM32CubeIDE_1.13.2/STM32CubeIDE/plugins/com.st.stm32cube.ide.mcu.externaltools.gnu-tools-for-stm32.11.3.rel1.win32_1.1.1.202309131626/tools/bin/../lib/gcc/arm-none-eabi/11.3.1/../../../../arm-none-eabi/lib/thumb/v7-m/nofp/crt0.o (memset)
D:/STM32CubeIDE_1.13.2/STM32CubeIDE/plugins/com.st.stm32cube.ide.mcu.externaltools.gnu-tools-for-stm32.11.3.rel1.win32_1.1.1.202309131626/tools/bin/../lib/gcc/arm-none-eabi/11.3.1/../../../../arm-none-eabi/lib/thumb/v7-m/nofp\libc_nano.a(libc_a-closer.o)
                              D:/STM32CubeIDE_1.13.2/STM32CubeIDE/plugins/com.st.stm32cube.ide.mcu.externaltools.gnu-tools-for-stm32.11.3.rel1.win32_1.1.1.202309131626/tools/bin/../lib/gcc/arm-none-eabi/11.3.1/../../../../arm-none-eabi/lib/thumb/v7-m/nofp\libc_nano.a(libc_a-stdio.o) (_close_r)
[...]
Memory Configuration

Name             Origin             Length             Attributes
RAM              0x0000000020000000 0x0000000000005000 xrw
FLASH            0x0000000008000000 0x0000000000010000 xr
*default*        0x0000000000000000 0xffffffffffffffff

Linker script and memory map

LOAD D:/STM32CubeIDE_1.13.2/STM32CubeIDE/plugins/com.st.stm32cube.ide.mcu.externaltools.gnu-tools-for-stm32.11.3.rel1.win32_1.1.1.202309131626/tools/bin/../lib/gcc/arm-none-eabi/11.3.1/thumb/v7-m/nofp/crti.o
LOAD D:/STM32CubeIDE_1.13.2/STM32CubeIDE/plugins/com.st.stm32cube.ide.mcu.externaltools.gnu-tools-for-stm32.11.3.rel1.win32_1.1.1.202309131626/tools/bin/../lib/gcc/arm-none-eabi/11.3.1/thumb/v7-m/nofp/crtbegin.o
LOAD D:/STM32CubeIDE_1.13.2/STM32CubeIDE/plugins/com.st.stm32cube.ide.mcu.externaltools.gnu-tools-for-stm32.11.3.rel1.win32_1.1.1.202309131626/tools/bin/../lib/gcc/arm-none-eabi/11.3.1/../../../../arm-none-eabi/lib/thumb/v7-m/nofp/crt0.o
LOAD ./Core/Inc/CanFilterConfig.o
LOAD ./Core/Inc/operations/operations.o
LOAD ./Core/Inc/operations/operations_heap/operations_heap.o
LOAD ./Core/Inc/sheduler/priority_queue/priority_queue.o
LOAD ./Core/Inc/sheduler/sheduler.o
LOAD ./Core/Inc/sheduler/stack/stack.o
LOAD ./Core/Inc/slaves/slaves.o
LOAD ./Core/Src/main.o
LOAD ./Core/Src/stm32f1xx_hal_msp.o
LOAD ./Core/Src/stm32f1xx_it.o
LOAD ./Core/Src/syscalls.o
LOAD ./Core/Src/sysmem.o
LOAD ./Core/Src/system_stm32f1xx.o
LOAD ./Core/Startup/startup_stm32f103c8tx.o
LOAD ./Drivers/STM32F1xx_HAL_Driver/Src/stm32f1xx_hal.o
LOAD ./Drivers/STM32F1xx_HAL_Driver/Src/stm32f1xx_hal_can.o
LOAD ./Drivers/STM32F1xx_HAL_Driver/Src/stm32f1xx_hal_cortex.o
LOAD ./Drivers/STM32F1xx_HAL_Driver/Src/stm32f1xx_hal_dma.o
LOAD ./Drivers/STM32F1xx_HAL_Driver/Src/stm32f1xx_hal_exti.o
LOAD ./Drivers/STM32F1xx_HAL_Driver/Src/stm32f1xx_hal_flash.o
LOAD ./Drivers/STM32F1xx_HAL_Driver/Src/stm32f1xx_hal_flash_ex.o
LOAD ./Drivers/STM32F1xx_HAL_Driver/Src/stm32f1xx_hal_gpio.o
LOAD ./Drivers/STM32F1xx_HAL_Driver/Src/stm32f1xx_hal_gpio_ex.o
LOAD ./Drivers/STM32F1xx_HAL_Driver/Src/stm32f1xx_hal_pwr.o
LOAD ./Drivers/STM32F1xx_HAL_Driver/Src/stm32f1xx_hal_rcc.o
LOAD ./Drivers/STM32F1xx_HAL_Driver/Src/stm32f1xx_hal_rcc_ex.o
LOAD ./Drivers/STM32F1xx_HAL_Driver/Src/stm32f1xx_hal_tim.o
LOAD ./Drivers/STM32F1xx_HAL_Driver/Src/stm32f1xx_hal_tim_ex.o
START GROUP
LOAD D:/STM32CubeIDE_1.13.2/STM32CubeIDE/plugins/com.st.stm32cube.ide.mcu.externaltools.gnu-tools-for-stm32.11.3.rel1.win32_1.1.1.202309131626/tools/bin/../lib/gcc/arm-none-eabi/11.3.1/../../../../arm-none-eabi/lib/thumb/v7-m/nofp\libc_nano.a
LOAD D:/STM32CubeIDE_1.13.2/STM32CubeIDE/plugins/com.st.stm32cube.ide.mcu.externaltools.gnu-tools-for-stm32.11.3.rel1.win32_1.1.1.202309131626/tools/bin/../lib/gcc/arm-none-eabi/11.3.1/../../../../arm-none-eabi/lib/thumb/v7-m/nofp\libm.a
END GROUP
START GROUP
LOAD D:/STM32CubeIDE_1.13.2/STM32CubeIDE/plugins/com.st.stm32cube.ide.mcu.externaltools.gnu-tools-for-stm32.11.3.rel1.win32_1.1.1.202309131626/tools/bin/../lib/gcc/arm-none-eabi/11.3.1/thumb/v7-m/nofp\libgcc.a
LOAD D:/STM32CubeIDE_1.13.2/STM32CubeIDE/plugins/com.st.stm32cube.ide.mcu.externaltools.gnu-tools-for-stm32.11.3.rel1.win32_1.1.1.202309131626/tools/bin/../lib/gcc/arm-none-eabi/11.3.1/../../../../arm-none-eabi/lib/thumb/v7-m/nofp\libc_nano.a
END GROUP
START GROUP
LOAD D:/STM32CubeIDE_1.13.2/STM32CubeIDE/plugins/com.st.stm32cube.ide.mcu.externaltools.gnu-tools-for-stm32.11.3.rel1.win32_1.1.1.202309131626/tools/bin/../lib/gcc/arm-none-eabi/11.3.1/thumb/v7-m/nofp\libgcc.a
LOAD D:/STM32CubeIDE_1.13.2/STM32CubeIDE/plugins/com.st.stm32cube.ide.mcu.externaltools.gnu-tools-for-stm32.11.3.rel1.win32_1.1.1.202309131626/tools/bin/../lib/gcc/arm-none-eabi/11.3.1/../../../../arm-none-eabi/lib/thumb/v7-m/nofp\libc_nano.a
LOAD D:/STM32CubeIDE_1.13.2/STM32CubeIDE/plugins/com.st.stm32cube.ide.mcu.externaltools.gnu-tools-for-stm32.11.3.rel1.win32_1.1.1.202309131626/tools/bin/../lib/gcc/arm-none-eabi/11.3.1/../../../../arm-none-eabi/lib/thumb/v7-m/nofp\libnosys.a
END GROUP
START GROUP
LOAD D:/STM32CubeIDE_1.13.2/STM32CubeIDE/plugins/com.st.stm32cube.ide.mcu.externaltools.gnu-tools-for-stm32.11.3.rel1.win32_1.1.1.202309131626/tools/bin/../lib/gcc/arm-none-eabi/11.3.1/thumb/v7-m/nofp\libgcc.a
LOAD D:/STM32CubeIDE_1.13.2/STM32CubeIDE/plugins/com.st.stm32cube.ide.mcu.externaltools.gnu-tools-for-stm32.11.3.rel1.win32_1.1.1.202309131626/tools/bin/../lib/gcc/arm-none-eabi/11.3.1/../../../../arm-none-eabi/lib/thumb/v7-m/nofp\libc_nano.a
LOAD D:/STM32CubeIDE_1.13.2/STM32CubeIDE/plugins/com.st.stm32cube.ide.mcu.externaltools.gnu-tools-for-stm32.11.3.rel1.win32_1.1.1.202309131626/tools/bin/../lib/gcc/arm-none-eabi/11.3.1/../../../../arm-none-eabi/lib/thumb/v7-m/nofp\libnosys.a
END GROUP
LOAD D:/STM32CubeIDE_1.13.2/STM32CubeIDE/plugins/com.st.stm32cube.ide.mcu.externaltools.gnu-tools-for-stm32.11.3.rel1.win32_1.1.1.202309131626/tools/bin/../lib/gcc/arm-none-eabi/11.3.1/thumb/v7-m/nofp/crtend.o
LOAD D:/STM32CubeIDE_1.13.2/STM32CubeIDE/plugins/com.st.stm32cube.ide.mcu.externaltools.gnu-tools-for-stm32.11.3.rel1.win32_1.1.1.202309131626/tools/bin/../lib/gcc/arm-none-eabi/11.3.1/thumb/v7-m/nofp/crtn.o
                0x0000000020005000                _estack = (ORIGIN (RAM) + LENGTH (RAM))
                0x0000000000000200                _Min_Heap_Size = 0x200
                0x0000000000000400                _Min_Stack_Size = 0x400

.isr_vector     0x0000000008000000      0x10c
                0x0000000008000000                . = ALIGN (0x4)
 *(.isr_vector)
 .isr_vector    0x0000000008000000      0x10c ./Core/Startup/startup_stm32f103c8tx.o
                0x0000000008000000                g_pfnVectors
                0x000000000800010c                . = ALIGN (0x4)

.text           0x000000000800010c     0x2d6c
                0x000000000800010c                . = ALIGN (0x4)
 *(.text)
 .text          0x000000000800010c       0x40 D:/STM32CubeIDE_1.13.2/STM32CubeIDE/plugins/com.st.stm32cube.ide.mcu.externaltools.gnu-tools-for-stm32.11.3.rel1.win32_1.1.1.202309131626/tools/bin/../lib/gcc/arm-none-eabi/11.3.1/thumb/v7-m/nofp/crtbegin.o
 *(.text*)
 .text.Can_Filter_Config
                0x000000000800014c       0xe8 ./Core/Inc/CanFilterConfig.o
                0x000000000800014c                Can_Filter_Config
 .text.Can_Send
                0x0000000008000234       0x50 ./Core/Inc/CanFilterConfig.o
                0x0000000008000234                Can_Send
 .text.Can_InterruptCallBack
                0x0000000008000284       0x24 ./Core/Inc/CanFilterConfig.o
                0x0000000008000284                Can_InterruptCallBack
 .text.HAL_CAN_RxFifo0MsgPendingCallback
                0x00000000080002a8       0x30 ./Core/Inc/CanFilterConfig.o
                0x00000000080002a8                HAL_CAN_RxFifo0MsgPendingCallback
 .text.priority_queue_init
                0x00000000080002d8       0x18 ./Core/Inc/sheduler/priority_queue/priority_queue.o
                0x00000000080002d8                priority_queue_init
 .text.priority_queue_push
                0x00000000080002f0       0x72 ./Core/Inc/sheduler/priority_queue/priority_queue.o
                0x00000000080002f0                priority_queue_push
 .text.priority_queue_pop
                0x0000000008000362       0x4e ./Core/Inc/sheduler/priority_queue/priority_queue.o
                0x0000000008000362                priority_queue_pop
 .text.priority_queue_peak
                0x00000000080003b0       0x16 ./Core/Inc/sheduler/priority_queue/priority_queue.o
                0x00000000080003b0                priority_queue_peak
 .text.heapify  0x00000000080003c6       0x92 ./Core/Inc/sheduler/priority_queue/priority_queue.o
                0x00000000080003c6                heapify
 .text.swap_operations
                0x0000000008000458       0x56 ./Core/Inc/sheduler/priority_queue/priority_queue.o
                0x0000000008000458                swap_operations
 .text.sheduler_init
                0x00000000080004ae       0x84 ./Core/Inc/sheduler/sheduler.o
                0x00000000080004ae                sheduler_init
 .text.add_idle_slave
                0x0000000008000532       0x7e ./Core/Inc/sheduler/sheduler.o
                0x0000000008000532                add_idle_slave
 .text.add_operation
                0x00000000080005b0       0x82 ./Core/Inc/sheduler/sheduler.o
                0x00000000080005b0                add_operation
 .text.give_slave_opcode
                0x0000000008000632      0x106 ./Core/Inc/sheduler/sheduler.o
                0x0000000008000632                give_slave_opcode
 .text.give_slave_access_to_ROM
                0x0000000008000738       0x4e ./Core/Inc/sheduler/sheduler.o
                0x0000000008000738                give_slave_access_to_ROM
 .text.stack_init
                0x0000000008000786       0x18 ./Core/Inc/sheduler/stack/stack.o
                0x0000000008000786                stack_init
 .text.stack_push
                0x000000000800079e       0x3a ./Core/Inc/sheduler/stack/stack.o
                0x000000000800079e                stack_push
 .text.stack_peak
                0x00000000080007d8       0x1e ./Core/Inc/sheduler/stack/stack.o
                0x00000000080007d8                stack_peak
 *fill*         0x00000000080007f6        0x2 
 .text.main     0x00000000080007f8       0xb4 ./Core/Src/main.o
                0x00000000080007f8                main
 .text.SystemClock_Config
                0x00000000080008ac       0x8a ./Core/Src/main.o
                0x00000000080008ac                SystemClock_Config
 *fill*         0x0000000008000936        0x2 
 .text.MX_CAN_Init
                0x0000000008000938       0x6c ./Core/Src/main.o
 .text.MX_TIM2_Init
                0x00000000080009a4       0x9c ./Core/Src/main.o
 .text.MX_GPIO_Init
                0x0000000008000a40      0x130 ./Core/Src/main.o
 .text.system_callback
                0x0000000008000b70      0x180 ./Core/Src/main.o
                0x0000000008000b70                system_callback
 .text.Error_Handler
                0x0000000008000cf0        0xa ./Core/Src/main.o
                0x0000000008000cf0                Error_Handler
 *fill*         0x0000000008000cfa        0x2 
 .text.HAL_MspInit
                0x0000000008000cfc       0x44 ./Core/Src/stm32f1xx_hal_msp.o
                0x0000000008000cfc                HAL_MspInit
 .text.HAL_CAN_MspInit
                0x0000000008000d40       0xa8 ./Core/Src/stm32f1xx_hal_msp.o
                0x0000000008000d40                HAL_CAN_MspInit
 .text.HAL_TIM_Base_MspInit
                0x0000000008000de8       0x38 ./Core/Src/stm32f1xx_hal_msp.o
                0x0000000008000de8                HAL_TIM_Base_MspInit
 .text.NMI_Handler
                0x0000000008000e20        0x6 ./Core/Src/stm32f1xx_it.o
                0x0000000008000e20                NMI_Handler
 .text.HardFault_Handler
                0x0000000008000e26        0x6 ./Core/Src/stm32f1xx_it.o
                0x0000000008000e26                HardFault_Handler
 .text.MemManage_Handler
                0x0000000008000e2c        0x6 ./Core/Src/stm32f1xx_it.o
                0x0000000008000e2c                MemManage_Handler
 .text.BusFault_Handler
                0x0000000008000e32        0x6 ./Core/Src/stm32f1xx_it.o
                0x0000000008000e32                BusFault_Handler
 .text.UsageFault_Handler
                0x0000000008000e38        0x6 ./Core/Src/stm32f1xx_it.o
                0x0000000008000e38                UsageFault_Handler
 .text.SVC_Handler
                0x0000000008000e3e        0xc ./Core/Src/stm32f1xx_it.o
                0x0000000008000e3e                SVC_Handler
 .text.DebugMon_Handler
                0x0000000008000e4a        0xc ./Core/Src/stm32f1xx_it.o
                0x0000000008000e4a                DebugMon_Handler
 .text.PendSV_Handler
                0x0000000008000e56        0xc ./Core/Src/stm32f1xx_it.o
                0x0000000008000e56                PendSV_Handler
 .text.SysTick_Handler
                0x0000000008000e62        0xc ./Core/Src/stm32f1xx_it.o
                0x0000000008000e62                SysTick_Handler
 *fill*         0x0000000008000e6e        0x2 
 .text.USB_LP_CAN1_RX0_IRQHandler
                0x0000000008000e70       0x14 ./Core/Src/stm32f1xx_it.o
                0x0000000008000e70                USB_LP_CAN1_RX0_IRQHandler
 .text.SystemInit
                0x0000000008000e84        0xc ./Core/Src/system_stm32f1xx.o
                0x0000000008000e84                SystemInit
 .text.Reset_Handler
                0x0000000008000e90       0x48 ./Core/Startup/startup_stm32f103c8tx.o
                0x0000000008000e90                Reset_Handler
 .text.Default_Handler
                0x0000000008000ed8        0x2 ./Core/Startup/startup_stm32f103c8tx.o
                0x0000000008000ed8                RTC_Alarm_IRQHandler
                0x0000000008000ed8                EXTI2_IRQHandler
                0x0000000008000ed8                TIM1_CC_IRQHandler
                0x0000000008000ed8                PVD_IRQHandler
                0x0000000008000ed8                EXTI3_IRQHandler
                0x0000000008000ed8                EXTI0_IRQHandler
                0x0000000008000ed8                I2C2_EV_IRQHandler
                0x0000000008000ed8                ADC1_2_IRQHandler
                0x0000000008000ed8                SPI1_IRQHandler
                0x0000000008000ed8                TAMPER_IRQHandler
                0x0000000008000ed8                DMA1_Channel4_IRQHandler
                0x0000000008000ed8                USART3_IRQHandler
                0x0000000008000ed8                RTC_IRQHandler
                0x0000000008000ed8                DMA1_Channel7_IRQHandler
                0x0000000008000ed8                CAN1_RX1_IRQHandler
                0x0000000008000ed8                TIM4_IRQHandler
                0x0000000008000ed8                I2C1_EV_IRQHandler
                0x0000000008000ed8                DMA1_Channel6_IRQHandler
                0x0000000008000ed8                TIM3_IRQHandler
                0x0000000008000ed8                RCC_IRQHandler
                0x0000000008000ed8                TIM1_TRG_COM_IRQHandler
                0x0000000008000ed8                DMA1_Channel1_IRQHandler
                0x0000000008000ed8                Default_Handler
                0x0000000008000ed8                EXTI15_10_IRQHandler
                0x0000000008000ed8                EXTI9_5_IRQHandler
                0x0000000008000ed8                SPI2_IRQHandler
                0x0000000008000ed8                DMA1_Channel5_IRQHandler
                0x0000000008000ed8                EXTI4_IRQHandler
                0x0000000008000ed8                USB_HP_CAN1_TX_IRQHandler
                0x0000000008000ed8                DMA1_Channel3_IRQHandler
                0x0000000008000ed8                TIM1_UP_IRQHandler
                0x0000000008000ed8                WWDG_IRQHandler
                0x0000000008000ed8                TIM2_IRQHandler
                0x0000000008000ed8                TIM1_BRK_IRQHandler
                0x0000000008000ed8                EXTI1_IRQHandler
                0x0000000008000ed8                USART2_IRQHandler
                0x0000000008000ed8                I2C2_ER_IRQHandler
                0x0000000008000ed8                DMA1_Channel2_IRQHandler
                0x0000000008000ed8                CAN1_SCE_IRQHandler
                0x0000000008000ed8                FLASH_IRQHandler
                0x0000000008000ed8                USART1_IRQHandler
                0x0000000008000ed8                I2C1_ER_IRQHandler
                0x0000000008000ed8                USBWakeUp_IRQHandler
 *fill*         0x0000000008000eda        0x2 
 .text.HAL_Init
                0x0000000008000edc       0x2c ./Drivers/STM32F1xx_HAL_Driver/Src/stm32f1xx_hal.o
                0x0000000008000edc                HAL_Init
 .text.HAL_InitTick
                0x0000000008000f08       0x60 ./Drivers/STM32F1xx_HAL_Driver/Src/stm32f1xx_hal.o
                0x0000000008000f08                HAL_InitTick
 .text.HAL_IncTick
                0x0000000008000f68       0x24 ./Drivers/STM32F1xx_HAL_Driver/Src/stm32f1xx_hal.o
                0x0000000008000f68                HAL_IncTick
 .text.HAL_GetTick
                0x0000000008000f8c       0x14 ./Drivers/STM32F1xx_HAL_Driver/Src/stm32f1xx_hal.o
                0x0000000008000f8c                HAL_GetTick
 .text.HAL_CAN_Init
                0x0000000008000fa0      0x1f6 ./Drivers/STM32F1xx_HAL_Driver/Src/stm32f1xx_hal_can.o
                0x0000000008000fa0                HAL_CAN_Init
 .text.HAL_CAN_ConfigFilter
                0x0000000008001196      0x192 ./Drivers/STM32F1xx_HAL_Driver/Src/stm32f1xx_hal_can.o
                0x0000000008001196                HAL_CAN_ConfigFilter
 .text.HAL_CAN_Start
                0x0000000008001328       0x88 ./Drivers/STM32F1xx_HAL_Driver/Src/stm32f1xx_hal_can.o
                0x0000000008001328                HAL_CAN_Start
 .text.HAL_CAN_AddTxMessage
                0x00000000080013b0      0x19e ./Drivers/STM32F1xx_HAL_Driver/Src/stm32f1xx_hal_can.o
                0x00000000080013b0                HAL_CAN_AddTxMessage
 .text.HAL_CAN_GetRxMessage
                0x000000000800154e      0x242 ./Drivers/STM32F1xx_HAL_Driver/Src/stm32f1xx_hal_can.o
                0x000000000800154e                HAL_CAN_GetRxMessage
 .text.HAL_CAN_ActivateNotification
                0x0000000008001790       0x4a ./Drivers/STM32F1xx_HAL_Driver/Src/stm32f1xx_hal_can.o
                0x0000000008001790                HAL_CAN_ActivateNotification
 .text.HAL_CAN_IRQHandler
                0x00000000080017da      0x36e ./Drivers/STM32F1xx_HAL_Driver/Src/stm32f1xx_hal_can.o
                0x00000000080017da                HAL_CAN_IRQHandler
 .text.HAL_CAN_TxMailbox0CompleteCallback
                0x0000000008001b48       0x12 ./Drivers/STM32F1xx_HAL_Driver/Src/stm32f1xx_hal_can.o
                0x0000000008001b48                HAL_CAN_TxMailbox0CompleteCallback
 .text.HAL_CAN_TxMailbox1CompleteCallback
                0x0000000008001b5a       0x12 ./Drivers/STM32F1xx_HAL_Driver/Src/stm32f1xx_hal_can.o
                0x0000000008001b5a                HAL_CAN_TxMailbox1CompleteCallback
 .text.HAL_CAN_TxMailbox2CompleteCallback
                0x0000000008001b6c       0x12 ./Drivers/STM32F1xx_HAL_Driver/Src/stm32f1xx_hal_can.o
                0x0000000008001b6c                HAL_CAN_TxMailbox2CompleteCallback
 .text.HAL_CAN_TxMailbox0AbortCallback
                0x0000000008001b7e       0x12 ./Drivers/STM32F1xx_HAL_Driver/Src/stm32f1xx_hal_can.o
                0x0000000008001b7e                HAL_CAN_TxMailbox0AbortCallback
 .text.HAL_CAN_TxMailbox1AbortCallback
                0x0000000008001b90       0x12 ./Drivers/STM32F1xx_HAL_Driver/Src/stm32f1xx_hal_can.o
                0x0000000008001b90                HAL_CAN_TxMailbox1AbortCallback
 .text.HAL_CAN_TxMailbox2AbortCallback
                0x0000000008001ba2       0x12 ./Drivers/STM32F1xx_HAL_Driver/Src/stm32f1xx_hal_can.o
                0x0000000008001ba2                HAL_CAN_TxMailbox2AbortCallback
 .text.HAL_CAN_RxFifo0FullCallback
                0x0000000008001bb4       0x12 ./Drivers/STM32F1xx_HAL_Driver/Src/stm32f1xx_hal_can.o
                0x0000000008001bb4                HAL_CAN_RxFifo0FullCallback
 .text.HAL_CAN_RxFifo1MsgPendingCallback
                0x0000000008001bc6       0x12 ./Drivers/STM32F1xx_HAL_Driver/Src/stm32f1xx_hal_can.o
                0x0000000008001bc6                HAL_CAN_RxFifo1MsgPendingCallback
 .text.HAL_CAN_RxFifo1FullCallback
                0x0000000008001bd8       0x12 ./Drivers/STM32F1xx_HAL_Driver/Src/stm32f1xx_hal_can.o
                0x0000000008001bd8                HAL_CAN_RxFifo1FullCallback
 .text.HAL_CAN_SleepCallback
                0x0000000008001bea       0x12 ./Drivers/STM32F1xx_HAL_Driver/Src/stm32f1xx_hal_can.o
                0x0000000008001bea                HAL_CAN_SleepCallback
 .text.HAL_CAN_WakeUpFromRxMsgCallback
                0x0000000008001bfc       0x12 ./Drivers/STM32F1xx_HAL_Driver/Src/stm32f1xx_hal_can.o
                0x0000000008001bfc                HAL_CAN_WakeUpFromRxMsgCallback
 .text.HAL_CAN_ErrorCallback
                0x0000000008001c0e       0x12 ./Drivers/STM32F1xx_HAL_Driver/Src/stm32f1xx_hal_can.o
                0x0000000008001c0e                HAL_CAN_ErrorCallback
 .text.__NVIC_SetPriorityGrouping
                0x0000000008001c20       0x48 ./Drivers/STM32F1xx_HAL_Driver/Src/stm32f1xx_hal_cortex.o
 .text.__NVIC_GetPriorityGrouping
                0x0000000008001c68       0x1c ./Drivers/STM32F1xx_HAL_Driver/Src/stm32f1xx_hal_cortex.o
 .text.__NVIC_EnableIRQ
                0x0000000008001c84       0x38 ./Drivers/STM32F1xx_HAL_Driver/Src/stm32f1xx_hal_cortex.o
 .text.__NVIC_SetPriority
                0x0000000008001cbc       0x54 ./Drivers/STM32F1xx_HAL_Driver/Src/stm32f1xx_hal_cortex.o
 .text.NVIC_EncodePriority
                0x0000000008001d10       0x64 ./Drivers/STM32F1xx_HAL_Driver/Src/stm32f1xx_hal_cortex.o
 .text.SysTick_Config
                0x0000000008001d74       0x44 ./Drivers/STM32F1xx_HAL_Driver/Src/stm32f1xx_hal_cortex.o
 .text.HAL_NVIC_SetPriorityGrouping
                0x0000000008001db8       0x16 ./Drivers/STM32F1xx_HAL_Driver/Src/stm32f1xx_hal_cortex.o
                0x0000000008001db8                HAL_NVIC_SetPriorityGrouping
 .text.HAL_NVIC_SetPriority
                0x0000000008001dce       0x38 ./Drivers/STM32F1xx_HAL_Driver/Src/stm32f1xx_hal_cortex.o
                0x0000000008001dce                HAL_NVIC_SetPriority
 .text.HAL_NVIC_EnableIRQ
                0x0000000008001e06       0x1c ./Drivers/STM32F1xx_HAL_Driver/Src/stm32f1xx_hal_cortex.o
                0x0000000008001e06                HAL_NVIC_EnableIRQ
 .text.HAL_SYSTICK_Config
                0x0000000008001e22       0x18 ./Drivers/STM32F1xx_HAL_Driver/Src/stm32f1xx_hal_cortex.o
                0x0000000008001e22                HAL_SYSTICK_Config
 *fill*         0x0000000008001e3a        0x2 
 .text.HAL_GPIO_Init
                0x0000000008001e3c      0x308 ./Drivers/STM32F1xx_HAL_Driver/Src/stm32f1xx_hal_gpio.o
                0x0000000008001e3c                HAL_GPIO_Init
 .text.HAL_GPIO_WritePin
                0x0000000008002144       0x30 ./Drivers/STM32F1xx_HAL_Driver/Src/stm32f1xx_hal_gpio.o
                0x0000000008002144                HAL_GPIO_WritePin
 .text.HAL_RCC_OscConfig
                0x0000000008002174      0x504 ./Drivers/STM32F1xx_HAL_Driver/Src/stm32f1xx_hal_rcc.o
                0x0000000008002174                HAL_RCC_OscConfig
 .text.HAL_RCC_ClockConfig
                0x0000000008002678      0x1d4 ./Drivers/STM32F1xx_HAL_Driver/Src/stm32f1xx_hal_rcc.o
                0x0000000008002678                HAL_RCC_ClockConfig
 .text.HAL_RCC_GetSysClockFreq
                0x000000000800284c       0xa8 ./Drivers/STM32F1xx_HAL_Driver/Src/stm32f1xx_hal_rcc.o
                0x000000000800284c                HAL_RCC_GetSysClockFreq
 .text.RCC_Delay
                0x00000000080028f4       0x3c ./Drivers/STM32F1xx_HAL_Driver/Src/stm32f1xx_hal_rcc.o
 .text.HAL_TIM_Base_Init
                0x0000000008002930       0x9e ./Drivers/STM32F1xx_HAL_Driver/Src/stm32f1xx_hal_tim.o
                0x0000000008002930                HAL_TIM_Base_Init
 .text.HAL_TIM_ConfigClockSource
                0x00000000080029ce      0x18e ./Drivers/STM32F1xx_HAL_Driver/Src/stm32f1xx_hal_tim.o
                0x00000000080029ce                HAL_TIM_ConfigClockSource
 .text.TIM_Base_SetConfig
                0x0000000008002b5c       0xc4 ./Drivers/STM32F1xx_HAL_Driver/Src/stm32f1xx_hal_tim.o
                0x0000000008002b5c                TIM_Base_SetConfig
 .text.TIM_TI1_ConfigInputStage
                0x0000000008002c20       0x5c ./Drivers/STM32F1xx_HAL_Driver/Src/stm32f1xx_hal_tim.o
 .text.TIM_TI2_ConfigInputStage
                0x0000000008002c7c       0x5e ./Drivers/STM32F1xx_HAL_Driver/Src/stm32f1xx_hal_tim.o
 .text.TIM_ITRx_SetConfig
                0x0000000008002cda       0x34 ./Drivers/STM32F1xx_HAL_Driver/Src/stm32f1xx_hal_tim.o
 .text.TIM_ETR_SetConfig
                0x0000000008002d0e       0x3e ./Drivers/STM32F1xx_HAL_Driver/Src/stm32f1xx_hal_tim.o
                0x0000000008002d0e                TIM_ETR_SetConfig
 .text.HAL_TIMEx_MasterConfigSynchronization
                0x0000000008002d4c       0xbc ./Drivers/STM32F1xx_HAL_Driver/Src/stm32f1xx_hal_tim_ex.o
                0x0000000008002d4c                HAL_TIMEx_MasterConfigSynchronization
 .text.memset   0x0000000008002e08       0x10 D:/STM32CubeIDE_1.13.2/STM32CubeIDE/plugins/com.st.stm32cube.ide.mcu.externaltools.gnu-tools-for-stm32.11.3.rel1.win32_1.1.1.202309131626/tools/bin/../lib/gcc/arm-none-eabi/11.3.1/../../../../arm-none-eabi/lib/thumb/v7-m/nofp\libc_nano.a(libc_a-memset.o)
                0x0000000008002e08                memset
 .text.__libc_init_array
                0x0000000008002e18       0x48 D:/STM32CubeIDE_1.13.2/STM32CubeIDE/plugins/com.st.stm32cube.ide.mcu.externaltools.gnu-tools-for-stm32.11.3.rel1.win32_1.1.1.202309131626/tools/bin/../lib/gcc/arm-none-eabi/11.3.1/../../../../arm-none-eabi/lib/thumb/v7-m/nofp\libc_nano.a(libc_a-init.o)
                0x0000000008002e18                __libc_init_array
 *(.glue_7)
 .glue_7        0x0000000008002e60        0x0 linker stubs
 *(.glue_7t)
 .glue_7t       0x0000000008002e60        0x0 linker stubs
 *(.eh_frame)
 .eh_frame      0x0000000008002e60        0x0 D:/STM32CubeIDE_1.13.2/STM32CubeIDE/plugins/com.st.stm32cube.ide.mcu.externaltools.gnu-tools-for-stm32.11.3.rel1.win32_1.1.1.202309131626/tools/bin/../lib/gcc/arm-none-eabi/11.3.1/thumb/v7-m/nofp/crtbegin.o
 *(.init)
 .init          0x0000000008002e60        0x4 D:/STM32CubeIDE_1.13.2/STM32CubeIDE/plugins/com.st.stm32cube.ide.mcu.externaltools.gnu-tools-for-stm32.11.3.rel1.win32_1.1.1.202309131626/tools/bin/../lib/gcc/arm-none-eabi/11.3.1/thumb/v7-m/nofp/crti.o
                0x0000000008002e60                _init
 .init          0x0000000008002e64        0x8 D:/STM32CubeIDE_1.13.2/STM32CubeIDE/plugins/com.st.stm32cube.ide.mcu.externaltools.gnu-tools-for-stm32.11.3.rel1.win32_1.1.1.202309131626/tools/bin/../lib/gcc/arm-none-eabi/11.3.1/thumb/v7-m/nofp/crtn.o
 *(.fini)
 .fini          0x0000000008002e6c        0x4 D:/STM32CubeIDE_1.13.2/STM32CubeIDE/plugins/com.st.stm32cube.ide.mcu.externaltools.gnu-tools-for-stm32.11.3.rel1.win32_1.1.1.202309131626/tools/bin/../lib/gcc/arm-none-eabi/11.3.1/thumb/v7-m/nofp/crti.o
                0x0000000008002e6c                _fini
 .fini          0x0000000008002e70        0x8 D:/STM32CubeIDE_1.13.2/STM32CubeIDE/plugins/com.st.stm32cube.ide.mcu.externaltools.gnu-tools-for-stm32.11.3.rel1.win32_1.1.1.202309131626/tools/bin/../lib/gcc/arm-none-eabi/11.3.1/thumb/v7-m/nofp/crtn.o
                0x0000000008002e78                . = ALIGN (0x4)
                0x0000000008002e78                _etext = .

.vfp11_veneer   0x0000000008002e78        0x0
 .vfp11_veneer  0x0000000008002e78        0x0 linker stubs

.v4_bx          0x0000000008002e78        0x0
 .v4_bx         0x0000000008002e78        0x0 linker stubs

.iplt           0x0000000008002e78        0x0
 .iplt          0x0000000008002e78        0x0 D:/STM32CubeIDE_1.13.2/STM32CubeIDE/plugins/com.st.stm32cube.ide.mcu.externaltools.gnu-tools-for-stm32.11.3.rel1.win32_1.1.1.202309131626/tools/bin/../lib/gcc/arm-none-eabi/11.3.1/thumb/v7-m/nofp/crtbegin.o

.rodata         0x0000000008002e78       0x24
                0x0000000008002e78                . = ALIGN (0x4)
 *(.rodata)
 *(.rodata*)
 .rodata.AHBPrescTable
                0x0000000008002e78       0x10 ./Core/Src/system_stm32f1xx.o
                0x0000000008002e78                AHBPrescTable
 .rodata.aPLLMULFactorTable.1
                0x0000000008002e88       0x10 ./Drivers/STM32F1xx_HAL_Driver/Src/stm32f1xx_hal_rcc.o
 .rodata.aPredivFactorTable.0
                0x0000000008002e98        0x2 ./Drivers/STM32F1xx_HAL_Driver/Src/stm32f1xx_hal_rcc.o
                0x0000000008002e9c                . = ALIGN (0x4)
 *fill*         0x0000000008002e9a        0x2 

.rel.dyn        0x0000000008002e9c        0x0
 .rel.iplt      0x0000000008002e9c        0x0 D:/STM32CubeIDE_1.13.2/STM32CubeIDE/plugins/com.st.stm32cube.ide.mcu.externaltools.gnu-tools-for-stm32.11.3.rel1.win32_1.1.1.202309131626/tools/bin/../lib/gcc/arm-none-eabi/11.3.1/thumb/v7-m/nofp/crtbegin.o

.ARM.extab      0x0000000008002e9c        0x0
                0x0000000008002e9c                . = ALIGN (0x4)
 *(.ARM.extab* .gnu.linkonce.armextab.*)
                0x0000000008002e9c                . = ALIGN (0x4)

.ARM            0x0000000008002e9c        0x0
                0x0000000008002e9c                . = ALIGN (0x4)
                0x0000000008002e9c                __exidx_start = .
 *(.ARM.exidx*)
                0x0000000008002e9c                __exidx_end = .
                0x0000000008002e9c                . = ALIGN (0x4)

.preinit_array  0x0000000008002e9c        0x0
                0x0000000008002e9c                . = ALIGN (0x4)
                0x0000000008002e9c                PROVIDE (__preinit_array_start = .)
 *(.preinit_array*)
                0x0000000008002e9c                PROVIDE (__preinit_array_end = .)
                0x0000000008002e9c                . = ALIGN (0x4)

.init_array     0x0000000008002e9c        0x4
                0x0000000008002e9c                . = ALIGN (0x4)
                0x0000000008002e9c                PROVIDE (__init_array_start = .)
 *(SORT_BY_NAME(.init_array.*))
 *(.init_array*)
 .init_array    0x0000000008002e9c        0x4 D:/STM32CubeIDE_1.13.2/STM32CubeIDE/plugins/com.st.stm32cube.ide.mcu.externaltools.gnu-tools-for-stm32.11.3.rel1.win32_1.1.1.202309131626/tools/bin/../lib/gcc/arm-none-eabi/11.3.1/thumb/v7-m/nofp/crtbegin.o
                0x0000000008002ea0                PROVIDE (__init_array_end = .)
                0x0000000008002ea0                . = ALIGN (0x4)

.fini_array     0x0000000008002ea0        0x4
                0x0000000008002ea0                . = ALIGN (0x4)
                [!provide]                        PROVIDE (__fini_array_start = .)
 *(SORT_BY_NAME(.fini_array.*))
 *(.fini_array*)
 .fini_array    0x0000000008002ea0        0x4 D:/STM32CubeIDE_1.13.2/STM32CubeIDE/plugins/com.st.stm32cube.ide.mcu.externaltools.gnu-tools-for-stm32.11.3.rel1.win32_1.1.1.202309131626/tools/bin/../lib/gcc/arm-none-eabi/11.3.1/thumb/v7-m/nofp/crtbegin.o
                [!provide]                        PROVIDE (__fini_array_end = .)
                0x0000000008002ea4                . = ALIGN (0x4)
                0x0000000008002ea4                _sidata = LOADADDR (.data)

.data           0x0000000020000000        0xc load address 0x0000000008002ea4
                0x0000000020000000                . = ALIGN (0x4)
                0x0000000020000000                _sdata = .
 *(.data)
 *(.data*)
 .data.SystemCoreClock
                0x0000000020000000        0x4 ./Core/Src/system_stm32f1xx.o
                0x0000000020000000                SystemCoreClock
 .data.uwTickPrio
                0x0000000020000004        0x4 ./Drivers/STM32F1xx_HAL_Driver/Src/stm32f1xx_hal.o
                0x0000000020000004                uwTickPrio
 .data.uwTickFreq
                0x0000000020000008        0x1 ./Drivers/STM32F1xx_HAL_Driver/Src/stm32f1xx_hal.o
                0x0000000020000008                uwTickFreq
 *(.RamFunc)
 *(.RamFunc*)
                0x000000002000000c                . = ALIGN (0x4)
 *fill*         0x0000000020000009        0x3 
                0x000000002000000c                _edata = .

.igot.plt       0x000000002000000c        0x0 load address 0x0000000008002eb0
 .igot.plt      0x000000002000000c        0x0 D:/STM32CubeIDE_1.13.2/STM32CubeIDE/plugins/com.st.stm32cube.ide.mcu.externaltools.gnu-tools-for-stm32.11.3.rel1.win32_1.1.1.202309131626/tools/bin/../lib/gcc/arm-none-eabi/11.3.1/thumb/v7-m/nofp/crtbegin.o
                0x000000002000000c                . = ALIGN (0x4)

.bss            0x000000002000000c      0x2c8 load address 0x0000000008002eb0
                0x000000002000000c                _sbss = .
                0x000000002000000c                __bss_start__ = _sbss
 *(.bss)
 .bss           0x000000002000000c       0x1c D:/STM32CubeIDE_1.13.2/STM32CubeIDE/plugins/com.st.stm32cube.ide.mcu.externaltools.gnu-tools-for-stm32.11.3.rel1.win32_1.1.1.202309131626/tools/bin/../lib/gcc/arm-none-eabi/11.3.1/thumb/v7-m/nofp/crtbegin.o
 *(.bss*)
 .bss.TxHeader  0x0000000020000028       0x18 ./Core/Inc/CanFilterConfig.o
                0x0000000020000028                TxHeader
 .bss.RxHeader  0x0000000020000040       0x1c ./Core/Inc/CanFilterConfig.o
                0x0000000020000040                RxHeader
 .bss.Can_RxData
                0x000000002000005c        0x8 ./Core/Inc/CanFilterConfig.o
                0x000000002000005c                Can_RxData
 .bss.Can_TxMailBox
                0x0000000020000064        0xc ./Core/Inc/CanFilterConfig.o
                0x0000000020000064                Can_TxMailBox
 .bss.CAN_ISR_FUNCTION
                0x0000000020000070        0x4 ./Core/Inc/CanFilterConfig.o
 .bss.hcan      0x0000000020000074       0x28 ./Core/Src/main.o
                0x0000000020000074                hcan
 .bss.htim2     0x000000002000009c       0x48 ./Core/Src/main.o
                0x000000002000009c                htim2
 .bss.sheduler  0x00000000200000e4      0x1ec ./Core/Src/main.o
                0x00000000200000e4                sheduler
 .bss.uwTick    0x00000000200002d0        0x4 ./Drivers/STM32F1xx_HAL_Driver/Src/stm32f1xx_hal.o
                0x00000000200002d0                uwTick
 *(COMMON)
                0x00000000200002d4                . = ALIGN (0x4)
                0x00000000200002d4                _ebss = .
                0x00000000200002d4                __bss_end__ = _ebss

._user_heap_stack
                0x00000000200002d4      0x604 load address 0x0000000008002eb0
                0x00000000200002d8                . = ALIGN (0x8)
 *fill*         0x00000000200002d4        0x4 
                [!provide]                        PROVIDE (end = .)
                0x00000000200002d8                PROVIDE (_end = .)
                0x00000000200004d8                . = (. + _Min_Heap_Size)
 *fill*         0x00000000200002d8      0x200 
                0x00000000200008d8                . = (. + _Min_Stack_Size)
 *fill*         0x00000000200004d8      0x400 
                0x00000000200008d8                . = ALIGN (0x8)

/DISCARD/
 libc.a(*)
 libm.a(*)
 libgcc.a(*)

.ARM.attributes
                0x0000000000000000       0x29
 *(.ARM.attributes)
 .ARM.attributes
                0x0000000000000000       0x1d D:/STM32CubeIDE_1.13.2/STM32CubeIDE/plugins/com.st.stm32cube.ide.mcu.externaltools.gnu-tools-for-stm32.11.3.rel1.win32_1.1.1.202309131626/tools/bin/../lib/gcc/arm-none-eabi/11.3.1/thumb/v7-m/nofp/crti.o
 .ARM.attributes
                0x000000000000001d       0x2d D:/STM32CubeIDE_1.13.2/STM32CubeIDE/plugins/com.st.stm32cube.ide.mcu.externaltools.gnu-tools-for-stm32.11.3.rel1.win32_1.1.1.202309131626/tools/bin/../lib/gcc/arm-none-eabi/11.3.1/thumb/v7-m/nofp/crtbegin.o
 .ARM.attributes
                0x000000000000004a       0x2d ./Core/Inc/CanFilterConfig.o
 .ARM.attributes
                0x0000000000000077       0x2d ./Core/Inc/sheduler/priority_queue/priority_queue.o
 .ARM.attributes
                0x00000000000000a4       0x2d ./Core/Inc/sheduler/sheduler.o
 .ARM.attributes
                0x00000000000000d1       0x2d ./Core/Inc/sheduler/stack/stack.o
 .ARM.attributes
                0x00000000000000fe       0x2d ./Core/Src/main.o
 .ARM.attributes
                0x000000000000012b       0x2d ./Core/Src/stm32f1xx_hal_msp.o
 .ARM.attributes
                0x0000000000000158       0x2d ./Core/Src/stm32f1xx_it.o
 .ARM.attributes
                0x0000000000000185       0x2d ./Core/Src/system_stm32f1xx.o
 .ARM.attributes
                0x00000000000001b2       0x21 ./Core/Startup/startup_stm32f103c8tx.o
 .ARM.attributes
                0x00000000000001d3       0x2d ./Drivers/STM32F1xx_HAL_Driver/Src/stm32f1xx_hal.o
 .ARM.attributes
                0x0000000000000200       0x2d ./Drivers/STM32F1xx_HAL_Driver/Src/stm32f1xx_hal_can.o
 .ARM.attributes
                0x000000000000022d       0x2d ./Drivers/STM32F1xx_HAL_Driver/Src/stm32f1xx_hal_cortex.o
 .ARM.attributes
                0x000000000000025a       0x2d ./Drivers/STM32F1xx_HAL_Driver/Src/stm32f1xx_hal_gpio.o
 .ARM.attributes
                0x0000000000000287       0x2d ./Drivers/STM32F1xx_HAL_Driver/Src/stm32f1xx_hal_rcc.o
 .ARM.attributes
                0x00000000000002b4       0x2d ./Drivers/STM32F1xx_HAL_Driver/Src/stm32f1xx_hal_tim.o
 .ARM.attributes
                0x00000000000002e1       0x2d ./Drivers/STM32F1xx_HAL_Driver/Src/stm32f1xx_hal_tim_ex.o
 .ARM.attributes
                0x000000000000030e       0x2d D:/STM32CubeIDE_1.13.2/STM32CubeIDE/plugins/com.st.stm32cube.ide.mcu.externaltools.gnu-tools-for-stm32.11.3.rel1.win32_1.1.1.202309131626/tools/bin/../lib/gcc/arm-none-eabi/11.3.1/../../../../arm-none-eabi/lib/thumb/v7-m/nofp\libc_nano.a(libc_a-memset.o)
 .ARM.attributes
                0x000000000000033b       0x2d D:/STM32CubeIDE_1.13.2/STM32CubeIDE/plugins/com.st.stm32cube.ide.mcu.externaltools.gnu-tools-for-stm32.11.3.rel1.win32_1.1.1.202309131626/tools/bin/../lib/gcc/arm-none-eabi/11.3.1/../../../../arm-none-eabi/lib/thumb/v7-m/nofp\libc_nano.a(libc_a-init.o)
 .ARM.attributes
                0x0000000000000368       0x1d D:/STM32CubeIDE_1.13.2/STM32CubeIDE/plugins/com.st.stm32cube.ide.mcu.externaltools.gnu-tools-for-stm32.11.3.rel1.win32_1.1.1.202309131626/tools/bin/../lib/gcc/arm-none-eabi/11.3.1/thumb/v7-m/nofp/crtn.o
OUTPUT(prototype.elf elf32-littlearm)
LOAD linker stubs
LOAD D:/STM32CubeIDE_1.13.2/STM32CubeIDE/plugins/com.st.stm32cube.ide.mcu.externaltools.gnu-tools-for-stm32.11.3.rel1.win32_1.1.1.202309131626/tools/bin/../lib/gcc/arm-none-eabi/11.3.1/../../../../arm-none-eabi/lib/thumb/v7-m/nofp\libc.a
LOAD D:/STM32CubeIDE_1.13.2/STM32CubeIDE/plugins/com.st.stm32cube.ide.mcu.externaltools.gnu-tools-for-stm32.11.3.rel1.win32_1.1.1.202309131626/tools/bin/../lib/gcc/arm-none-eabi/11.3.1/../../../../arm-none-eabi/lib/thumb/v7-m/nofp\libm.a
LOAD D:/STM32CubeIDE_1.13.2/STM32CubeIDE/plugins/com.st.stm32cube.ide.mcu.externaltools.gnu-tools-for-stm32.11.3.rel1.win32_1.1.1.202309131626/tools/bin/../lib/gcc/arm-none-eabi/11.3.1/thumb/v7-m/nofp\libgcc.a

.comment        0x0000000000000000       0x43
 .comment       0x0000000000000000       0x43 D:/STM32CubeIDE_1.13.2/STM32CubeIDE/plugins/com.st.stm32cube.ide.mcu.externaltools.gnu-tools-for-stm32.11.3.rel1.win32_1.1.1.202309131626/tools/bin/../lib/gcc/arm-none-eabi/11.3.1/thumb/v7-m/nofp/crtbegin.o
                                         0x44 (size before relaxing)
 .comment       0x0000000000000043       0x44 ./Core/Inc/CanFilterConfig.o
 .comment       0x0000000000000043       0x44 ./Core/Inc/sheduler/priority_queue/priority_queue.o
 .comment       0x0000000000000043       0x44 ./Core/Inc/sheduler/sheduler.o
 .comment       0x0000000000000043       0x44 ./Core/Inc/sheduler/stack/stack.o
 .comment       0x0000000000000043       0x44 ./Core/Src/main.o
 .comment       0x0000000000000043       0x44 ./Core/Src/stm32f1xx_hal_msp.o
 .comment       0x0000000000000043       0x44 ./Core/Src/stm32f1xx_it.o
 .comment       0x0000000000000043       0x44 ./Core/Src/system_stm32f1xx.o
 .comment       0x0000000000000043       0x44 ./Drivers/STM32F1xx_HAL_Driver/Src/stm32f1xx_hal.o
 .comment       0x0000000000000043       0x44 ./Drivers/STM32F1xx_HAL_Driver/Src/stm32f1xx_hal_can.o
 .comment       0x0000000000000043       0x44 ./Drivers/STM32F1xx_HAL_Driver/Src/stm32f1xx_hal_cortex.o
 .comment       0x0000000000000043       0x44 ./Drivers/STM32F1xx_HAL_Driver/Src/stm32f1xx_hal_gpio.o
 .comment       0x0000000000000043       0x44 ./Drivers/STM32F1xx_HAL_Driver/Src/stm32f1xx_hal_rcc.o
 .comment       0x0000000000000043       0x44 ./Drivers/STM32F1xx_HAL_Driver/Src/stm32f1xx_hal_tim.o
 .comment       0x0000000000000043       0x44 ./Drivers/STM32F1xx_HAL_Driver/Src/stm32f1xx_hal_tim_ex.o

.debug_info     0x0000000000000000     0xa731
 .debug_info    0x0000000000000000      0x8b6 ./Core/Inc/CanFilterConfig.o
 .debug_info    0x00000000000008b6      0x26a ./Core/Inc/sheduler/priority_queue/priority_queue.o
 .debug_info    0x0000000000000b20      0x47c ./Core/Inc/sheduler/sheduler.o
 .debug_info    0x0000000000000f9c      0x171 ./Core/Inc/sheduler/stack/stack.o
 .debug_info    0x000000000000110d     0x14de ./Core/Src/main.o
 .debug_info    0x00000000000025eb      0xdf3 ./Core/Src/stm32f1xx_hal_msp.o
 .debug_info    0x00000000000033de      0x506 ./Core/Src/stm32f1xx_it.o
 .debug_info    0x00000000000038e4      0x222 ./Core/Src/system_stm32f1xx.o
 .debug_info    0x0000000000003b06       0x23 ./Core/Startup/startup_stm32f103c8tx.o
 .debug_info    0x0000000000003b29      0x704 ./Drivers/STM32F1xx_HAL_Driver/Src/stm32f1xx_hal.o
 .debug_info    0x000000000000422d      0xf27 ./Drivers/STM32F1xx_HAL_Driver/Src/stm32f1xx_hal_can.o
 .debug_info    0x0000000000005154      0xa87 ./Drivers/STM32F1xx_HAL_Driver/Src/stm32f1xx_hal_cortex.o
 .debug_info    0x0000000000005bdb      0x5ab ./Drivers/STM32F1xx_HAL_Driver/Src/stm32f1xx_hal_gpio.o
 .debug_info    0x0000000000006186      0x7d5 ./Drivers/STM32F1xx_HAL_Driver/Src/stm32f1xx_hal_rcc.o
 .debug_info    0x000000000000695b     0x293b ./Drivers/STM32F1xx_HAL_Driver/Src/stm32f1xx_hal_tim.o
 .debug_info    0x0000000000009296     0x149b ./Drivers/STM32F1xx_HAL_Driver/Src/stm32f1xx_hal_tim_ex.o

.debug_abbrev   0x0000000000000000     0x1e53
 .debug_abbrev  0x0000000000000000      0x21d ./Core/Inc/CanFilterConfig.o
 .debug_abbrev  0x000000000000021d      0x142 ./Core/Inc/sheduler/priority_queue/priority_queue.o
 .debug_abbrev  0x000000000000035f      0x142 ./Core/Inc/sheduler/sheduler.o
 .debug_abbrev  0x00000000000004a1       0xec ./Core/Inc/sheduler/stack/stack.o
 .debug_abbrev  0x000000000000058d      0x315 ./Core/Src/main.o
 .debug_abbrev  0x00000000000008a2      0x237 ./Core/Src/stm32f1xx_hal_msp.o
 .debug_abbrev  0x0000000000000ad9      0x18d ./Core/Src/stm32f1xx_it.o
 .debug_abbrev  0x0000000000000c66      0x13f ./Core/Src/system_stm32f1xx.o
 .debug_abbrev  0x0000000000000da5       0x12 ./Core/Startup/startup_stm32f103c8tx.o
 .debug_abbrev  0x0000000000000db7      0x201 ./Drivers/STM32F1xx_HAL_Driver/Src/stm32f1xx_hal.o
 .debug_abbrev  0x0000000000000fb8      0x22d ./Drivers/STM32F1xx_HAL_Driver/Src/stm32f1xx_hal_can.o
 .debug_abbrev  0x00000000000011e5      0x2f8 ./Drivers/STM32F1xx_HAL_Driver/Src/stm32f1xx_hal_cortex.o
 .debug_abbrev  0x00000000000014dd      0x1ca ./Drivers/STM32F1xx_HAL_Driver/Src/stm32f1xx_hal_gpio.o
 .debug_abbrev  0x00000000000016a7      0x2b3 ./Drivers/STM32F1xx_HAL_Driver/Src/stm32f1xx_hal_rcc.o
 .debug_abbrev  0x000000000000195a      0x277 ./Drivers/STM32F1xx_HAL_Driver/Src/stm32f1xx_hal_tim.o
 .debug_abbrev  0x0000000000001bd1      0x282 ./Drivers/STM32F1xx_HAL_Driver/Src/stm32f1xx_hal_tim_ex.o

.debug_aranges  0x0000000000000000      0xb78
 .debug_aranges
                0x0000000000000000       0x38 ./Core/Inc/CanFilterConfig.o
 .debug_aranges
                0x0000000000000038       0x48 ./Core/Inc/sheduler/priority_queue/priority_queue.o
 .debug_aranges
                0x0000000000000080       0x40 ./Core/Inc/sheduler/sheduler.o
 .debug_aranges
                0x00000000000000c0       0x38 ./Core/Inc/sheduler/stack/stack.o
 .debug_aranges
                0x00000000000000f8       0x50 ./Core/Src/main.o
 .debug_aranges
                0x0000000000000148       0x40 ./Core/Src/stm32f1xx_hal_msp.o
 .debug_aranges
                0x0000000000000188       0x68 ./Core/Src/stm32f1xx_it.o
 .debug_aranges
                0x00000000000001f0       0x28 ./Core/Src/system_stm32f1xx.o
 .debug_aranges
                0x0000000000000218       0x28 ./Core/Startup/startup_stm32f103c8tx.o
 .debug_aranges
                0x0000000000000240       0xe0 ./Drivers/STM32F1xx_HAL_Driver/Src/stm32f1xx_hal.o
 .debug_aranges
                0x0000000000000320      0x138 ./Drivers/STM32F1xx_HAL_Driver/Src/stm32f1xx_hal_can.o
 .debug_aranges
                0x0000000000000458      0x100 ./Drivers/STM32F1xx_HAL_Driver/Src/stm32f1xx_hal_cortex.o
 .debug_aranges
                0x0000000000000558       0x58 ./Drivers/STM32F1xx_HAL_Driver/Src/stm32f1xx_hal_gpio.o
 .debug_aranges
                0x00000000000005b0       0x90 ./Drivers/STM32F1xx_HAL_Driver/Src/stm32f1xx_hal_rcc.o
 .debug_aranges
                0x0000000000000640      0x3d0 ./Drivers/STM32F1xx_HAL_Driver/Src/stm32f1xx_hal_tim.o
 .debug_aranges
                0x0000000000000a10      0x168 ./Drivers/STM32F1xx_HAL_Driver/Src/stm32f1xx_hal_tim_ex.o

.debug_rnglists
                0x0000000000000000      0x8c5
 .debug_rnglists
                0x0000000000000000       0x26 ./Core/Inc/CanFilterConfig.o
 .debug_rnglists
                0x0000000000000026       0x32 ./Core/Inc/sheduler/priority_queue/priority_queue.o
 .debug_rnglists
                0x0000000000000058       0x2e ./Core/Inc/sheduler/sheduler.o
 .debug_rnglists
                0x0000000000000086       0x25 ./Core/Inc/sheduler/stack/stack.o
 .debug_rnglists
                0x00000000000000ab       0x3c ./Core/Src/main.o
 .debug_rnglists
                0x00000000000000e7       0x2c ./Core/Src/stm32f1xx_hal_msp.o
 .debug_rnglists
                0x0000000000000113       0x49 ./Core/Src/stm32f1xx_it.o
 .debug_rnglists
                0x000000000000015c       0x1a ./Core/Src/system_stm32f1xx.o
 .debug_rnglists
                0x0000000000000176       0x19 ./Core/Startup/startup_stm32f103c8tx.o
 .debug_rnglists
                0x000000000000018f       0xa3 ./Drivers/STM32F1xx_HAL_Driver/Src/stm32f1xx_hal.o
 .debug_rnglists
                0x0000000000000232       0xee ./Drivers/STM32F1xx_HAL_Driver/Src/stm32f1xx_hal_can.o
 .debug_rnglists
                0x0000000000000320       0xbb ./Drivers/STM32F1xx_HAL_Driver/Src/stm32f1xx_hal_cortex.o
 .debug_rnglists
                0x00000000000003db       0x3f ./Drivers/STM32F1xx_HAL_Driver/Src/stm32f1xx_hal_gpio.o
 .debug_rnglists
                0x000000000000041a       0x6c ./Drivers/STM32F1xx_HAL_Driver/Src/stm32f1xx_hal_rcc.o
 .debug_rnglists
                0x0000000000000486      0x31a ./Drivers/STM32F1xx_HAL_Driver/Src/stm32f1xx_hal_tim.o
 .debug_rnglists
                0x00000000000007a0      0x125 ./Drivers/STM32F1xx_HAL_Driver/Src/stm32f1xx_hal_tim_ex.o

.debug_macro    0x0000000000000000    0x170ff
 .debug_macro   0x0000000000000000      0x1ac ./Core/Inc/CanFilterConfig.o
 .debug_macro   0x00000000000001ac      0xa9c ./Core/Inc/CanFilterConfig.o
 .debug_macro   0x0000000000000c48      0x21b ./Core/Inc/CanFilterConfig.o
 .debug_macro   0x0000000000000e63       0x2e ./Core/Inc/CanFilterConfig.o
 .debug_macro   0x0000000000000e91       0x22 ./Core/Inc/CanFilterConfig.o
 .debug_macro   0x0000000000000eb3       0x22 ./Core/Inc/CanFilterConfig.o
 .debug_macro   0x0000000000000ed5       0x8e ./Core/Inc/CanFilterConfig.o
 .debug_macro   0x0000000000000f63       0x51 ./Core/Inc/CanFilterConfig.o
 .debug_macro   0x0000000000000fb4      0x103 ./Core/Inc/CanFilterConfig.o
 .debug_macro   0x00000000000010b7       0x6a ./Core/Inc/CanFilterConfig.o
 .debug_macro   0x0000000000001121      0x1df ./Core/Inc/CanFilterConfig.o
 .debug_macro   0x0000000000001300       0x1c ./Core/Inc/CanFilterConfig.o
 .debug_macro   0x000000000000131c       0x22 ./Core/Inc/CanFilterConfig.o
 .debug_macro   0x000000000000133e       0xbd ./Core/Inc/CanFilterConfig.o
 .debug_macro   0x00000000000013fb      0xd23 ./Core/Inc/CanFilterConfig.o
 .debug_macro   0x000000000000211e     0xe09e ./Core/Inc/CanFilterConfig.o
 .debug_macro   0x00000000000101bc       0x6d ./Core/Inc/CanFilterConfig.o
 .debug_macro   0x0000000000010229     0x348d ./Core/Inc/CanFilterConfig.o
 .debug_macro   0x00000000000136b6      0x174 ./Core/Inc/CanFilterConfig.o
 .debug_macro   0x000000000001382a       0x5c ./Core/Inc/CanFilterConfig.o
 .debug_macro   0x0000000000013886      0x5bc ./Core/Inc/CanFilterConfig.o
 .debug_macro   0x0000000000013e42      0x289 ./Core/Inc/CanFilterConfig.o
 .debug_macro   0x00000000000140cb      0x1cb ./Core/Inc/CanFilterConfig.o
 .debug_macro   0x0000000000014296      0x114 ./Core/Inc/CanFilterConfig.o
 .debug_macro   0x00000000000143aa      0x1b2 ./Core/Inc/CanFilterConfig.o
 .debug_macro   0x000000000001455c       0x27 ./Core/Inc/CanFilterConfig.o
 .debug_macro   0x0000000000014583      0x136 ./Core/Inc/CanFilterConfig.o
 .debug_macro   0x00000000000146b9      0x1bc ./Core/Inc/CanFilterConfig.o
 .debug_macro   0x0000000000014875       0x34 ./Core/Inc/CanFilterConfig.o
 .debug_macro   0x00000000000148a9       0x3c ./Core/Inc/CanFilterConfig.o
 .debug_macro   0x00000000000148e5      0x408 ./Core/Inc/CanFilterConfig.o
 .debug_macro   0x0000000000014ced       0x57 ./Core/Inc/CanFilterConfig.o
 .debug_macro   0x0000000000014d44       0x87 ./Core/Inc/CanFilterConfig.o
 .debug_macro   0x0000000000014dcb      0x240 ./Core/Inc/CanFilterConfig.o
 .debug_macro   0x000000000001500b      0x140 ./Core/Inc/CanFilterConfig.o
 .debug_macro   0x000000000001514b      0x8ed ./Core/Inc/CanFilterConfig.o
 .debug_macro   0x0000000000015a38       0x83 ./Core/Inc/CanFilterConfig.o
 .debug_macro   0x0000000000015abb       0x2e ./Core/Inc/CanFilterConfig.o
 .debug_macro   0x0000000000015ae9       0x73 ./Core/Inc/sheduler/priority_queue/priority_queue.o
 .debug_macro   0x0000000000015b5c      0x15c ./Core/Inc/sheduler/sheduler.o
 .debug_macro   0x0000000000015cb8       0x10 ./Core/Inc/sheduler/sheduler.o
 .debug_macro   0x0000000000015cc8       0x76 ./Core/Inc/sheduler/sheduler.o
 .debug_macro   0x0000000000015d3e       0x73 ./Core/Inc/sheduler/stack/stack.o
 .debug_macro   0x0000000000015db1      0x1fc ./Core/Src/main.o
 .debug_macro   0x0000000000015fad       0x10 ./Core/Src/main.o
 .debug_macro   0x0000000000015fbd       0x1c ./Core/Src/main.o
 .debug_macro   0x0000000000015fd9      0x1ad ./Core/Src/stm32f1xx_hal_msp.o
 .debug_macro   0x0000000000016186      0x1b7 ./Core/Src/stm32f1xx_it.o
 .debug_macro   0x000000000001633d      0x1a3 ./Core/Src/system_stm32f1xx.o
 .debug_macro   0x00000000000164e0      0x1c7 ./Drivers/STM32F1xx_HAL_Driver/Src/stm32f1xx_hal.o
 .debug_macro   0x00000000000166a7      0x1ab ./Drivers/STM32F1xx_HAL_Driver/Src/stm32f1xx_hal_can.o
 .debug_macro   0x0000000000016852      0x1a3 ./Drivers/STM32F1xx_HAL_Driver/Src/stm32f1xx_hal_cortex.o
 .debug_macro   0x00000000000169f5      0x20e ./Drivers/STM32F1xx_HAL_Driver/Src/stm32f1xx_hal_gpio.o
 .debug_macro   0x0000000000016c03      0x1b5 ./Drivers/STM32F1xx_HAL_Driver/Src/stm32f1xx_hal_rcc.o
 .debug_macro   0x0000000000016db8      0x1a4 ./Drivers/STM32F1xx_HAL_Driver/Src/stm32f1xx_hal_tim.o
 .debug_macro   0x0000000000016f5c      0x1a3 ./Drivers/STM32F1xx_HAL_Driver/Src/stm32f1xx_hal_tim_ex.o

.debug_line     0x0000000000000000     0xc669
 .debug_line    0x0000000000000000      0x7fc ./Core/Inc/CanFilterConfig.o
 .debug_line    0x00000000000007fc      0x55b ./Core/Inc/sheduler/priority_queue/priority_queue.o
 .debug_line    0x0000000000000d57      0x720 ./Core/Inc/sheduler/sheduler.o
 .debug_line    0x0000000000001477      0x487 ./Core/Inc/sheduler/stack/stack.o
 .debug_line    0x00000000000018fe      0xa84 ./Core/Src/main.o
 .debug_line    0x0000000000002382      0x77e ./Core/Src/stm32f1xx_hal_msp.o
 .debug_line    0x0000000000002b00      0x7ca ./Core/Src/stm32f1xx_it.o
 .debug_line    0x00000000000032ca      0x76e ./Core/Src/system_stm32f1xx.o
 .debug_line    0x0000000000003a38       0x78 ./Core/Startup/startup_stm32f103c8tx.o
 .debug_line    0x0000000000003ab0      0x99b ./Drivers/STM32F1xx_HAL_Driver/Src/stm32f1xx_hal.o
 .debug_line    0x000000000000444b     0x1142 ./Drivers/STM32F1xx_HAL_Driver/Src/stm32f1xx_hal_can.o
 .debug_line    0x000000000000558d      0xb83 ./Drivers/STM32F1xx_HAL_Driver/Src/stm32f1xx_hal_cortex.o
 .debug_line    0x0000000000006110      0xa34 ./Drivers/STM32F1xx_HAL_Driver/Src/stm32f1xx_hal_gpio.o
 .debug_line    0x0000000000006b44      0xda4 ./Drivers/STM32F1xx_HAL_Driver/Src/stm32f1xx_hal_rcc.o
 .debug_line    0x00000000000078e8     0x3487 ./Drivers/STM32F1xx_HAL_Driver/Src/stm32f1xx_hal_tim.o
 .debug_line    0x000000000000ad6f     0x18fa ./Drivers/STM32F1xx_HAL_Driver/Src/stm32f1xx_hal_tim_ex.o

.debug_str      0x0000000000000000    0x8a2fd
 .debug_str     0x0000000000000000    0x83d10 ./Core/Inc/CanFilterConfig.o
                                      0x840a4 (size before relaxing)
 .debug_str     0x0000000000083d10      0x133 ./Core/Inc/sheduler/priority_queue/priority_queue.o
                                       0x3ddd (size before relaxing)
 .debug_str     0x0000000000083e43     0x35d4 ./Core/Inc/sheduler/sheduler.o
                                       0x769d (size before relaxing)
 .debug_str     0x0000000000087417       0x38 ./Core/Inc/sheduler/stack/stack.o
                                       0x3d23 (size before relaxing)
 .debug_str     0x000000000008744f      0x841 ./Core/Src/main.o
                                      0x84c2b (size before relaxing)
 .debug_str     0x0000000000087c90      0x33e ./Core/Src/stm32f1xx_hal_msp.o
                                      0x84607 (size before relaxing)
 .debug_str     0x0000000000087fce       0xdc ./Core/Src/stm32f1xx_it.o
                                      0x83e1d (size before relaxing)
 .debug_str     0x00000000000880aa       0x7e ./Core/Src/system_stm32f1xx.o
                                      0x83b52 (size before relaxing)
 .debug_str     0x0000000000088128       0x34 ./Core/Startup/startup_stm32f103c8tx.o
                                         0x71 (size before relaxing)
 .debug_str     0x000000000008815c      0x38e ./Drivers/STM32F1xx_HAL_Driver/Src/stm32f1xx_hal.o
                                      0x84285 (size before relaxing)
 .debug_str     0x00000000000884ea      0x3d3 ./Drivers/STM32F1xx_HAL_Driver/Src/stm32f1xx_hal_can.o
                                      0x84352 (size before relaxing)
 .debug_str     0x00000000000888bd      0x263 ./Drivers/STM32F1xx_HAL_Driver/Src/stm32f1xx_hal_cortex.o
                                      0x841d1 (size before relaxing)
 .debug_str     0x0000000000088b20      0x305 ./Drivers/STM32F1xx_HAL_Driver/Src/stm32f1xx_hal_gpio.o
                                      0x83ed8 (size before relaxing)
 .debug_str     0x0000000000088e25      0x229 ./Drivers/STM32F1xx_HAL_Driver/Src/stm32f1xx_hal_rcc.o
                                      0x83f81 (size before relaxing)
 .debug_str     0x000000000008904e      0xe1c ./Drivers/STM32F1xx_HAL_Driver/Src/stm32f1xx_hal_tim.o
                                      0x84f73 (size before relaxing)
 .debug_str     0x0000000000089e6a      0x493 ./Drivers/STM32F1xx_HAL_Driver/Src/stm32f1xx_hal_tim_ex.o
                                      0x8478f (size before relaxing)

.debug_frame    0x0000000000000000     0x2eec
 .debug_frame   0x0000000000000000       0xa4 ./Core/Inc/CanFilterConfig.o
 .debug_frame   0x00000000000000a4       0xf4 ./Core/Inc/sheduler/priority_queue/priority_queue.o
 .debug_frame   0x0000000000000198       0xc4 ./Core/Inc/sheduler/sheduler.o
 .debug_frame   0x000000000000025c       0xb0 ./Core/Inc/sheduler/stack/stack.o
 .debug_frame   0x000000000000030c       0xf8 ./Core/Src/main.o
 .debug_frame   0x0000000000000404       0xd0 ./Core/Src/stm32f1xx_hal_msp.o
 .debug_frame   0x00000000000004d4      0x120 ./Core/Src/stm32f1xx_it.o
 .debug_frame   0x00000000000005f4       0x58 ./Core/Src/system_stm32f1xx.o
 .debug_frame   0x000000000000064c      0x334 ./Drivers/STM32F1xx_HAL_Driver/Src/stm32f1xx_hal.o
 .debug_frame   0x0000000000000980      0x5a0 ./Drivers/STM32F1xx_HAL_Driver/Src/stm32f1xx_hal_can.o
 .debug_frame   0x0000000000000f20      0x428 ./Drivers/STM32F1xx_HAL_Driver/Src/stm32f1xx_hal_cortex.o
 .debug_frame   0x0000000000001348      0x14c ./Drivers/STM32F1xx_HAL_Driver/Src/stm32f1xx_hal_gpio.o
 .debug_frame   0x0000000000001494      0x218 ./Drivers/STM32F1xx_HAL_Driver/Src/stm32f1xx_hal_rcc.o
 .debug_frame   0x00000000000016ac     0x11bc ./Drivers/STM32F1xx_HAL_Driver/Src/stm32f1xx_hal_tim.o
 .debug_frame   0x0000000000002868      0x638 ./Drivers/STM32F1xx_HAL_Driver/Src/stm32f1xx_hal_tim_ex.o
 .debug_frame   0x0000000000002ea0       0x20 D:/STM32CubeIDE_1.13.2/STM32CubeIDE/plugins/com.st.stm32cube.ide.mcu.externaltools.gnu-tools-for-stm32.11.3.rel1.win32_1.1.1.202309131626/tools/bin/../lib/gcc/arm-none-eabi/11.3.1/../../../../arm-none-eabi/lib/thumb/v7-m/nofp\libc_nano.a(libc_a-memset.o)
 .debug_frame   0x0000000000002ec0       0x2c D:/STM32CubeIDE_1.13.2/STM32CubeIDE/plugins/com.st.stm32cube.ide.mcu.externaltools.gnu-tools-for-stm32.11.3.rel1.win32_1.1.1.202309131626/tools/bin/../lib/gcc/arm-none-eabi/11.3.1/../../../../arm-none-eabi/lib/thumb/v7-m/nofp\libc_nano.a(libc_a-init.o)

.debug_line_str
                0x0000000000000000       0x65
 .debug_line_str
                0x0000000000000000       0x65 ./Core/Startup/startup_stm32f103c8tx.o
                                         0x7d (size before relaxing)
