../Core/Src/main.c:69:6:reset_all_select_pins	16	static
../Core/Src/main.c:74:6:set_current_pin	8	static
../Core/Src/main.c:79:6:add_slave_to_sheduler	8	static
../Core/Src/main.c:97:6:send_opcode_to_slave	32	static
../Core/Src/main.c:119:6:give_rom_to_slave	24	static
../Core/Src/main.c:127:6:add_slave_to_waiting_queue	16	static
../Core/Src/main.c:144:6:set_slave_free	8	static
../Core/Src/main.c:154:6:select_reset_slave	24	static
../Core/Src/main.c:165:6:send_status_to_interface	16	static
../Core/Src/main.c:184:6:kill_slave_process	32	static
../Core/Src/main.c:196:5:main	16	static
../Core/Src/main.c:263:6:SystemClock_Config	72	static
../Core/Src/main.c:303:13:MX_CAN_Init	8	static
../Core/Src/main.c:340:13:MX_TIM2_Init	32	static
../Core/Src/main.c:385:13:MX_TIM3_Init	32	static
../Core/Src/main.c:430:13:MX_USART2_UART_Init	8	static
../Core/Src/main.c:463:13:MX_GPIO_Init	40	static
../Core/Src/main.c:523:6:system_callback	8	static
../Core/Src/main.c:554:6:HAL_UART_RxCpltCallback	16	static
../Core/Src/main.c:578:6:HAL_TIM_PeriodElapsedCallback	16	static
../Core/Src/main.c:602:6:Error_Handler	4	static,ignoring_inline_asm
