../Core/Src/main.c:69:6:reset_all_select_pins	16	static
../Core/Src/main.c:74:6:set_current_pin	8	static
../Core/Src/main.c:79:6:add_slave_to_sheduler	16	static
../Core/Src/main.c:100:6:send_opcode_to_slave	32	static
../Core/Src/main.c:122:6:give_rom_to_slave	24	static
../Core/Src/main.c:130:6:add_slave_to_waiting_queue	16	static
../Core/Src/main.c:149:6:set_slave_busy	8	static
../Core/Src/main.c:159:6:select_reset_slave	24	static
../Core/Src/main.c:170:6:send_status_to_interface	16	static
../Core/Src/main.c:190:6:send_slave_ids_to_interface	24	static
../Core/Src/main.c:223:6:kill_slave_process	32	static
../Core/Src/main.c:230:6:run_operation	48	static
../Core/Src/main.c:252:6:alert_slave_finished	24	static
../Core/Src/main.c:265:5:main	16	static
../Core/Src/main.c:332:6:SystemClock_Config	72	static
../Core/Src/main.c:372:13:MX_CAN_Init	8	static
../Core/Src/main.c:409:13:MX_TIM2_Init	32	static
../Core/Src/main.c:454:13:MX_TIM3_Init	32	static
../Core/Src/main.c:499:13:MX_USART2_UART_Init	8	static
../Core/Src/main.c:532:13:MX_GPIO_Init	40	static
../Core/Src/main.c:593:6:system_callback	8	static
../Core/Src/main.c:630:6:HAL_UART_RxCpltCallback	40	static
../Core/Src/main.c:663:6:HAL_TIM_PeriodElapsedCallback	32	static
../Core/Src/main.c:703:6:Error_Handler	4	static,ignoring_inline_asm
