../Core/Src/main.c:68:6:reset_all_select_pins	16	static
../Core/Src/main.c:73:6:set_current_pin	8	static
../Core/Src/main.c:78:6:add_slave_to_sheduler	8	static
../Core/Src/main.c:96:6:send_opcode_to_slave	32	static
../Core/Src/main.c:118:6:give_rom_to_slave	24	static
../Core/Src/main.c:126:6:add_slave_to_waiting_queue	16	static
../Core/Src/main.c:143:6:set_slave_free	8	static
../Core/Src/main.c:153:6:select_reset_slave	24	static
../Core/Src/main.c:164:6:set_slave_idle	24	static
../Core/Src/main.c:179:5:main	16	static
../Core/Src/main.c:245:6:SystemClock_Config	72	static
../Core/Src/main.c:285:13:MX_CAN_Init	8	static
../Core/Src/main.c:322:13:MX_TIM2_Init	32	static
../Core/Src/main.c:367:13:MX_TIM3_Init	32	static
../Core/Src/main.c:412:13:MX_USART2_UART_Init	8	static
../Core/Src/main.c:445:13:MX_GPIO_Init	40	static
../Core/Src/main.c:502:6:system_callback	8	static
../Core/Src/main.c:536:6:HAL_TIM_PeriodElapsedCallback	16	static
../Core/Src/main.c:560:6:Error_Handler	4	static,ignoring_inline_asm
